
> next-app@0.1.0 build
> next build

node.exe : ΓÜá Warning: Next.js inferred your workspace root, 
but it may not be correct.
At C:\Program Files\nodejs\npm.ps1:29 char:3
+   & $NODE_EXE $NPM_CLI_JS $args
+   ~~~~~~~~~~~~~~~~~~~~~~~~~~~~~
    + CategoryInfo          : NotSpecified: (ΓÜá Warning: Ne...n 
   ot be correct.:String) [], RemoteException
    + FullyQualifiedErrorId : NativeCommandError
 
 We detected multiple lockfiles and selected the directory of 
C:\Users\Siraj Nur Ihrom\Documents\package-lock.json as the root 
directory.
 To silence this warning, set `turbopack.root` in your Next.js 
config, or consider removing one of the lockfiles if it's not 
needed.
   See https://nextjs.org/docs/app/api-reference/config/next-conf
ig-js/turbopack#root-directory for more information.
 Detected additional lockfiles: 
   * C:\Users\Siraj Nur Ihrom\Documents\SNISHOP.ID\AI AGENT 
ORCHERSTRATOR\package-lock.json

Γû▓ Next.js 16.1.6 (Turbopack)
- Environments: .env.local

ΓÜá The "middleware" file convention is deprecated. Please use 
"proxy" instead. Learn more: 
https://nextjs.org/docs/messages/middleware-to-proxy
  Creating an optimized production build ...

> Build error occurred
Error: Turbopack build failed with 2 errors:
./SNISHOP.ID/AI AGENT ORCHERSTRATOR/node_modules/@whiskeysockets/
baileys/lib/Utils/messages-media.js:18:46
Module not found: Can't resolve 'jimp'
[0m [90m 16 |[39m [36mconst[39m getImageProcessingLibrary 
[33m=[39m [36masync[39m () [33m=>[39m {
 [90m 17 |[39m     [90m//@ts-ignore[39m
[31m[1m>[22m[39m[90m 18 |[39m     [36mconst[39m 
[jimp[33m,[39m sharp] [33m=[39m [36mawait[39m [33mPromise
[39m[33m.[39mall([[36mimport[39m([32m'jimp'[39m)[33m.[39m
[36mcatch[39m(() [33m=>[39m { })[33m,[39m 
[36mimport[39m([32m'sharp'[39m)[33m.[39m[36mcatch[39m(() 
[33m=>[39m { })])[33m;[39m
 [90m    |[39m                                              [3
1m[1m^[22m[39m[31m[1m^[22m[39m[31m[1m^[22m[39m[31m[1
m^[22m[39m[31m[1m^[22m[39m[31m[1m^[22m[39m[31m[1m^[2
2m[39m[31m[1m^[22m[39m[31m[1m^[22m[39m[31m[1m^[22m[3
9m[31m[1m^[22m[39m[31m[1m^[22m[39m[31m[1m^[22m[39m[3
1m[1m^[22m[39m
 [90m 19 |[39m     [36mif[39m (sharp) {
 [90m 20 |[39m         [36mreturn[39m { sharp }[33m;[39m
 [90m 21 |[39m     }[0m



Import trace:
  App Route:
    ./SNISHOP.ID/AI AGENT ORCHERSTRATOR/node_modules/@whiskeysock
ets/baileys/lib/Utils/messages-media.js
    ./SNISHOP.ID/AI AGENT ORCHERSTRATOR/node_modules/@whiskeysock
ets/baileys/lib/Utils/index.js
    ./SNISHOP.ID/AI AGENT 
ORCHERSTRATOR/node_modules/@whiskeysockets/baileys/lib/index.js
    ./SNISHOP.ID/AI AGENT 
ORCHERSTRATOR/src/lib/integrations/whatsapp.ts
    ./SNISHOP.ID/AI AGENT 
ORCHERSTRATOR/src/app/api/webhooks/whatsapp/route.ts

https://nextjs.org/docs/messages/module-not-found


./SNISHOP.ID/AI AGENT 
ORCHERSTRATOR/src/app/api/webhooks/telegram/route.ts:3:1
Export createAIProvider doesn't exist in target module
[0m [90m 1 |[39m [36mimport[39m { [33mNextResponse[39m } 
[36mfrom[39m [32m'next/server'[39m[33m;[39m
 [90m 2 |[39m [36mimport[39m { [33mTelegramIntegration[39m 
} [36mfrom[39m 
[32m'@/lib/integrations/telegram'[39m[33m;[39m
[31m[1m>[22m[39m[90m 3 |[39m [36mimport[39m { 
[33mAgent[39m[33m,[39m [33mMemoryManager[39m[33m,[39m 
[33mToolRegistry[39m[33m,[39m createAIProvider } 
[36mfrom[39m [32m'@/lib/orchestrator'[39m[33m;[39m
 [90m   |[39m [31m[1m^[22m[39m[31m[1m^[22m[39m[31m[1m
^[22m[39m[31m[1m^[22m[39m[31m[1m^[22m[39m[31m[1m^[22
m[39m[31m[1m^[22m[39m[31m[1m^[22m[39m[31m[1m^[22m[39
m[31m[1m^[22m[39m[31m[1m^[22m[39m[31m[1m^[22m[39m[31
m[1m^[22m[39m[31m[1m^[22m[39m[31m[1m^[22m[39m[31m[1m
^[22m[39m[31m[1m^[22m[39m[31m[1m^[22m[39m[31m[1m^[22
m[39m[31m[1m^[22m[39m[31m[1m^[22m[39m[31m[1m^[22m[39
m[31m[1m^[22m[39m[31m[1m^[22m[39m[31m[1m^[22m[39m[31
m[1m^[22m[39m[31m[1m^[22m[39m[31m[1m^[22m[39m[31m[1m
^[22m[39m[31m[1m^[22m[39m[31m[1m^[22m[39m[31m[1m^[22
m[39m[31m[1m^[22m[39m[31m[1m^[22m[39m[31m[1m^[22m[39
m[31m[1m^[22m[39m[31m[1m^[22m[39m[31m[1m^[22m[39m[31
m[1m^[22m[39m[31m[1m^[22m[39m[31m[1m^[22m[39m[31m[1m
^[22m[39m[31m[1m^[22m[39m[31m[1m^[22m[39m[31m[1m^[22
m[39m[31m[1m^[22m[39m[31m[1m^[22m[39m[31m[1m^[22m[39
m[31m[1m^[22m[39m[31m[1m^[22m[39m[31m[1m^[22m[39m[31
m[1m^[22m[39m[31m[1m^[22m[39m[31m[1m^[22m[39m[31m[1m
^[22m[39m[31m[1m^[22m[39m[31m[1m^[22m[39m[31m[1m^[22
m[39m[31m[1m^[22m[39m[31m[1m^[22m[39m[31m[1m^[22m[39
m[31m[1m^[22m[39m[31m[1m^[22m[39m[31m[1m^[22m[39m[31
m[1m^[22m[39m[31m[1m^[22m[39m[31m[1m^[22m[39m[31m[1m
^[22m[39m[31m[1m^[22m[39m[31m[1m^[22m[39m[31m[1m^[22
m[39m[31m[1m^[22m[39m[31m[1m^[22m[39m[31m[1m^[22m[39
m[31m[1m^[22m[39m[31m[1m^[22m[39m[31m[1m^[22m[39m[31
m[1m^[22m[39m[31m[1m^[22m[39m[31m[1m^[22m[39m[31m[1m
^[22m[39m[31m[1m^[22m[39m[31m[1m^[22m[39m[31m[1m^[22
m[39m[31m[1m^[22m[39m[31m[1m^[22m[39m[31m[1m^[22m[39
m[31m[1m^[22m[39m[31m[1m^[22m[39m[31m[1m^[22m[39m
 [90m 4 |[39m
 [90m 5 |[39m [90m// Initialize Telegram with bot token[39m
 [90m 6 |[39m [90m// In production, each workspace would have 
its own bot.[39m[0m

The export createAIProvider was not found in module 
[project]/SNISHOP.ID/AI AGENT 
ORCHERSTRATOR/src/lib/orchestrator/index.ts [app-route] 
(ecmascript).
Did you mean to import ReActPlanner?
All exports of the module are statically known (It doesn't have 
dynamic exports). So it's known statically that the requested 
export doesn't exist.


    at ./SNISHOP.ID/AI AGENT ORCHERSTRATOR/node_modules/ 
(whiskeysockets/baileys/lib/Utils/messages-media.js:18:46)
    at <unknown> 
(https://nextjs.org/docs/messages/module-not-found)
    at <unknown> (./SNISHOP.ID/AI AGENT 
ORCHERSTRATOR/src/app/api/webhooks/telegram/route.ts:3:1)
