src/app/(dashboard)/page.tsx(13,24): error TS2307: Cannot find module '@/components/ui/button' or its corresponding type declarations.
src/app/page.tsx(16,24): error TS2307: Cannot find module '@/components/ui/button' or its corresponding type declarations.
src/app/page.tsx(39,23): error TS2322: Type '{ children: string; variant: string; size: string; className: string; }' is not assignable to type 'IntrinsicAttributes & ButtonProps & RefAttributes<HTMLButtonElement>'.
  Property 'variant' does not exist on type 'IntrinsicAttributes & ButtonProps & RefAttributes<HTMLButtonElement>'.
src/app/page.tsx(42,23): error TS2322: Type '{ children: string; size: string; className: string; }' is not assignable to type 'IntrinsicAttributes & ButtonProps & RefAttributes<HTMLButtonElement>'.
  Property 'size' does not exist on type 'IntrinsicAttributes & ButtonProps & RefAttributes<HTMLButtonElement>'.
src/app/page.tsx(70,27): error TS2322: Type '{ children: (string | Element)[]; size: string; className: string; }' is not assignable to type 'IntrinsicAttributes & ButtonProps & RefAttributes<HTMLButtonElement>'.
  Property 'size' does not exist on type 'IntrinsicAttributes & ButtonProps & RefAttributes<HTMLButtonElement>'.
src/app/page.tsx(74,27): error TS2322: Type '{ children: string; variant: string; size: string; className: string; }' is not assignable to type 'IntrinsicAttributes & ButtonProps & RefAttributes<HTMLButtonElement>'.
  Property 'variant' does not exist on type 'IntrinsicAttributes & ButtonProps & RefAttributes<HTMLButtonElement>'.
src/app/page.tsx(172,23): error TS2322: Type '{ children: string; size: string; variant: string; className: string; }' is not assignable to type 'IntrinsicAttributes & ButtonProps & RefAttributes<HTMLButtonElement>'.
  Property 'size' does not exist on type 'IntrinsicAttributes & ButtonProps & RefAttributes<HTMLButtonElement>'.
src/app/page.tsx(175,23): error TS2322: Type '{ children: string; size: string; variant: string; className: string; }' is not assignable to type 'IntrinsicAttributes & ButtonProps & RefAttributes<HTMLButtonElement>'.
  Property 'size' does not exist on type 'IntrinsicAttributes & ButtonProps & RefAttributes<HTMLButtonElement>'.
src/app/page.tsx(212,59): error TS2769: No overload matches this call.
  The last overload gave the following error.
    Object literal may only specify known properties, and 'className' does not exist in type 'Partial<unknown> & Attributes'.
src/app/page.tsx(224,22): error TS2307: Cannot find module '@radix-ui/react-slot' or its corresponding type declarations.
src/app/page.tsx(225,40): error TS2307: Cannot find module 'class-variance-authority' or its corresponding type declarations.
src/app/page.tsx(264,17): error TS2339: Property 'variant' does not exist on type 'ButtonProps'.
src/app/page.tsx(264,26): error TS2339: Property 'size' does not exist on type 'ButtonProps'.
src/components/dashboard/Header.tsx(4,24): error TS2307: Cannot find module '@/components/ui/button' or its corresponding type declarations.
src/components/dashboard/Header.tsx(45,22): error TS2307: Cannot find module '@radix-ui/react-slot' or its corresponding type declarations.
src/components/dashboard/Header.tsx(46,40): error TS2307: Cannot find module 'class-variance-authority' or its corresponding type declarations.
src/components/dashboard/Header.tsx(86,19): error TS2339: Property 'variant' does not exist on type 'ButtonProps'.
src/components/dashboard/Header.tsx(86,28): error TS2339: Property 'size' does not exist on type 'ButtonProps'.
src/middleware.ts(4,22): error TS7006: Parameter 'req' implicitly has an 'any' type.
